[
    "{\"5\":493,\"10\":460,\"30\":412,\"60\":352,\"300\":273,\"480\":256,\"600\":252,\"900\":241,\"1200\":239,\"3600\":218}",
    "[]",
    "[]"
]
